Archive member included to satisfy reference by file (symbol)

/opt/st/stm32cubeide_1.16.0/plugins/com.st.stm32cube.ide.mcu.externaltools.gnu-tools-for-stm32.12.3.rel1.linux64_1.0.200.202406132123/tools/bin/../lib/gcc/arm-none-eabi/12.3.1/../../../../arm-none-eabi/lib/thumb/v7e-m/nofp/libc_nano.a(libc_a-exit.o)
                              /opt/st/stm32cubeide_1.16.0/plugins/com.st.stm32cube.ide.mcu.externaltools.gnu-tools-for-stm32.12.3.rel1.linux64_1.0.200.202406132123/tools/bin/../lib/gcc/arm-none-eabi/12.3.1/../../../../arm-none-eabi/lib/thumb/v7e-m/nofp/crt0.o (exit)
/opt/st/stm32cubeide_1.16.0/plugins/com.st.stm32cube.ide.mcu.externaltools.gnu-tools-for-stm32.12.3.rel1.linux64_1.0.200.202406132123/tools/bin/../lib/gcc/arm-none-eabi/12.3.1/../../../../arm-none-eabi/lib/thumb/v7e-m/nofp/libc_nano.a(libc_a-findfp.o)
                              /opt/st/stm32cubeide_1.16.0/plugins/com.st.stm32cube.ide.mcu.externaltools.gnu-tools-for-stm32.12.3.rel1.linux64_1.0.200.202406132123/tools/bin/../lib/gcc/arm-none-eabi/12.3.1/../../../../arm-none-eabi/lib/thumb/v7e-m/nofp/libc_nano.a(libc_a-exit.o) (__stdio_exit_handler)
/opt/st/stm32cubeide_1.16.0/plugins/com.st.stm32cube.ide.mcu.externaltools.gnu-tools-for-stm32.12.3.rel1.linux64_1.0.200.202406132123/tools/bin/../lib/gcc/arm-none-eabi/12.3.1/../../../../arm-none-eabi/lib/thumb/v7e-m/nofp/libc_nano.a(libc_a-fwalk.o)
                              /opt/st/stm32cubeide_1.16.0/plugins/com.st.stm32cube.ide.mcu.externaltools.gnu-tools-for-stm32.12.3.rel1.linux64_1.0.200.202406132123/tools/bin/../lib/gcc/arm-none-eabi/12.3.1/../../../../arm-none-eabi/lib/thumb/v7e-m/nofp/libc_nano.a(libc_a-findfp.o) (_fwalk_sglue)
/opt/st/stm32cubeide_1.16.0/plugins/com.st.stm32cube.ide.mcu.externaltools.gnu-tools-for-stm32.12.3.rel1.linux64_1.0.200.202406132123/tools/bin/../lib/gcc/arm-none-eabi/12.3.1/../../../../arm-none-eabi/lib/thumb/v7e-m/nofp/libc_nano.a(libc_a-stdio.o)
                              /opt/st/stm32cubeide_1.16.0/plugins/com.st.stm32cube.ide.mcu.externaltools.gnu-tools-for-stm32.12.3.rel1.linux64_1.0.200.202406132123/tools/bin/../lib/gcc/arm-none-eabi/12.3.1/../../../../arm-none-eabi/lib/thumb/v7e-m/nofp/libc_nano.a(libc_a-findfp.o) (__sread)
/opt/st/stm32cubeide_1.16.0/plugins/com.st.stm32cube.ide.mcu.externaltools.gnu-tools-for-stm32.12.3.rel1.linux64_1.0.200.202406132123/tools/bin/../lib/gcc/arm-none-eabi/12.3.1/../../../../arm-none-eabi/lib/thumb/v7e-m/nofp/libc_nano.a(libc_a-memset.o)
                              /opt/st/stm32cubeide_1.16.0/plugins/com.st.stm32cube.ide.mcu.externaltools.gnu-tools-for-stm32.12.3.rel1.linux64_1.0.200.202406132123/tools/bin/../lib/gcc/arm-none-eabi/12.3.1/../../../../arm-none-eabi/lib/thumb/v7e-m/nofp/crt0.o (memset)
/opt/st/stm32cubeide_1.16.0/plugins/com.st.stm32cube.ide.mcu.externaltools.gnu-tools-for-stm32.12.3.rel1.linux64_1.0.200.202406132123/tools/bin/../lib/gcc/arm-none-eabi/12.3.1/../../../../arm-none-eabi/lib/thumb/v7e-m/nofp/libc_nano.a(libc_a-closer.o)
                              /opt/st/stm32cubeide_1.16.0/plugins/com.st.stm32cube.ide.mcu.externaltools.gnu-tools-for-stm32.12.3.rel1.linux64_1.0.200.202406132123/tools/bin/../lib/gcc/arm-none-eabi/12.3.1/../../../../arm-none-eabi/lib/thumb/v7e-m/nofp/libc_nano.a(libc_a-stdio.o) (_close_r)
/opt/st/stm32cubeide_1.16.0/plugins/com.st.stm32cube.ide.mcu.externaltools.gnu-tools-for-stm32.12.3.rel1.linux64_1.0.200.202406132123/tools/bin/../lib/gcc/arm-none-eabi/12.3.1/../../../../arm-none-eabi/lib/thumb/v7e-m/nofp/libc_nano.a(libc_a-reent.o)
                              /opt/st/stm32cubeide_1.16.0/plugins/com.st.stm32cube.ide.mcu.externaltools.gnu-tools-for-stm32.12.3.rel1.linux64_1.0.200.202406132123/tools/bin/../lib/gcc/arm-none-eabi/12.3.1/../../../../arm-none-eabi/lib/thumb/v7e-m/nofp/libc_nano.a(libc_a-closer.o) (errno)
/opt/st/stm32cubeide_1.16.0/plugins/com.st.stm32cube.ide.mcu.externaltools.gnu-tools-for-stm32.12.3.rel1.linux64_1.0.200.202406132123/tools/bin/../lib/gcc/arm-none-eabi/12.3.1/../../../../arm-none-eabi/lib/thumb/v7e-m/nofp/libc_nano.a(libc_a-impure.o)
                              /opt/st/stm32cubeide_1.16.0/plugins/com.st.stm32cube.ide.mcu.externaltools.gnu-tools-for-stm32.12.3.rel1.linux64_1.0.200.202406132123/tools/bin/../lib/gcc/arm-none-eabi/12.3.1/../../../../arm-none-eabi/lib/thumb/v7e-m/nofp/libc_nano.a(libc_a-reent.o) (_impure_ptr)
/opt/st/stm32cubeide_1.16.0/plugins/com.st.stm32cube.ide.mcu.externaltools.gnu-tools-for-stm32.12.3.rel1.linux64_1.0.200.202406132123/tools/bin/../lib/gcc/arm-none-eabi/12.3.1/../../../../arm-none-eabi/lib/thumb/v7e-m/nofp/libc_nano.a(libc_a-lseekr.o)
                              /opt/st/stm32cubeide_1.16.0/plugins/com.st.stm32cube.ide.mcu.externaltools.gnu-tools-for-stm32.12.3.rel1.linux64_1.0.200.202406132123/tools/bin/../lib/gcc/arm-none-eabi/12.3.1/../../../../arm-none-eabi/lib/thumb/v7e-m/nofp/libc_nano.a(libc_a-stdio.o) (_lseek_r)
[...]
Memory Configuration

Name             Origin             Length             Attributes
CCMRAM           0x10000000         0x00010000         xrw
RAM              0x20000000         0x00020000         xrw
FLASH            0x08000000         0x00100000         xr
*default*        0x00000000         0xffffffff

Linker script and memory map

LOAD /opt/st/stm32cubeide_1.16.0/plugins/com.st.stm32cube.ide.mcu.externaltools.gnu-tools-for-stm32.12.3.rel1.linux64_1.0.200.202406132123/tools/bin/../lib/gcc/arm-none-eabi/12.3.1/thumb/v7e-m/nofp/crti.o
LOAD /opt/st/stm32cubeide_1.16.0/plugins/com.st.stm32cube.ide.mcu.externaltools.gnu-tools-for-stm32.12.3.rel1.linux64_1.0.200.202406132123/tools/bin/../lib/gcc/arm-none-eabi/12.3.1/thumb/v7e-m/nofp/crtbegin.o
LOAD /opt/st/stm32cubeide_1.16.0/plugins/com.st.stm32cube.ide.mcu.externaltools.gnu-tools-for-stm32.12.3.rel1.linux64_1.0.200.202406132123/tools/bin/../lib/gcc/arm-none-eabi/12.3.1/../../../../arm-none-eabi/lib/thumb/v7e-m/nofp/crt0.o
LOAD ./Src/dac.o
LOAD ./Src/itm.o
LOAD ./Src/main.o
LOAD ./Src/syscalls.o
LOAD ./Src/sysmem.o
LOAD ./Src/system_stm32f4xx.o
LOAD ./Src/timer.o
LOAD ./Startup/startup_stm32f407vgtx.o
START GROUP
LOAD /opt/st/stm32cubeide_1.16.0/plugins/com.st.stm32cube.ide.mcu.externaltools.gnu-tools-for-stm32.12.3.rel1.linux64_1.0.200.202406132123/tools/bin/../lib/gcc/arm-none-eabi/12.3.1/../../../../arm-none-eabi/lib/thumb/v7e-m/nofp/libc_nano.a
LOAD /opt/st/stm32cubeide_1.16.0/plugins/com.st.stm32cube.ide.mcu.externaltools.gnu-tools-for-stm32.12.3.rel1.linux64_1.0.200.202406132123/tools/bin/../lib/gcc/arm-none-eabi/12.3.1/../../../../arm-none-eabi/lib/thumb/v7e-m/nofp/libm.a
END GROUP
START GROUP
LOAD /opt/st/stm32cubeide_1.16.0/plugins/com.st.stm32cube.ide.mcu.externaltools.gnu-tools-for-stm32.12.3.rel1.linux64_1.0.200.202406132123/tools/bin/../lib/gcc/arm-none-eabi/12.3.1/thumb/v7e-m/nofp/libgcc.a
LOAD /opt/st/stm32cubeide_1.16.0/plugins/com.st.stm32cube.ide.mcu.externaltools.gnu-tools-for-stm32.12.3.rel1.linux64_1.0.200.202406132123/tools/bin/../lib/gcc/arm-none-eabi/12.3.1/../../../../arm-none-eabi/lib/thumb/v7e-m/nofp/libc_nano.a
END GROUP
START GROUP
LOAD /opt/st/stm32cubeide_1.16.0/plugins/com.st.stm32cube.ide.mcu.externaltools.gnu-tools-for-stm32.12.3.rel1.linux64_1.0.200.202406132123/tools/bin/../lib/gcc/arm-none-eabi/12.3.1/thumb/v7e-m/nofp/libgcc.a
LOAD /opt/st/stm32cubeide_1.16.0/plugins/com.st.stm32cube.ide.mcu.externaltools.gnu-tools-for-stm32.12.3.rel1.linux64_1.0.200.202406132123/tools/bin/../lib/gcc/arm-none-eabi/12.3.1/../../../../arm-none-eabi/lib/thumb/v7e-m/nofp/libc_nano.a
LOAD /opt/st/stm32cubeide_1.16.0/plugins/com.st.stm32cube.ide.mcu.externaltools.gnu-tools-for-stm32.12.3.rel1.linux64_1.0.200.202406132123/tools/bin/../lib/gcc/arm-none-eabi/12.3.1/../../../../arm-none-eabi/lib/thumb/v7e-m/nofp/libnosys.a
END GROUP
START GROUP
LOAD /opt/st/stm32cubeide_1.16.0/plugins/com.st.stm32cube.ide.mcu.externaltools.gnu-tools-for-stm32.12.3.rel1.linux64_1.0.200.202406132123/tools/bin/../lib/gcc/arm-none-eabi/12.3.1/thumb/v7e-m/nofp/libgcc.a
LOAD /opt/st/stm32cubeide_1.16.0/plugins/com.st.stm32cube.ide.mcu.externaltools.gnu-tools-for-stm32.12.3.rel1.linux64_1.0.200.202406132123/tools/bin/../lib/gcc/arm-none-eabi/12.3.1/../../../../arm-none-eabi/lib/thumb/v7e-m/nofp/libc_nano.a
LOAD /opt/st/stm32cubeide_1.16.0/plugins/com.st.stm32cube.ide.mcu.externaltools.gnu-tools-for-stm32.12.3.rel1.linux64_1.0.200.202406132123/tools/bin/../lib/gcc/arm-none-eabi/12.3.1/../../../../arm-none-eabi/lib/thumb/v7e-m/nofp/libnosys.a
END GROUP
LOAD /opt/st/stm32cubeide_1.16.0/plugins/com.st.stm32cube.ide.mcu.externaltools.gnu-tools-for-stm32.12.3.rel1.linux64_1.0.200.202406132123/tools/bin/../lib/gcc/arm-none-eabi/12.3.1/thumb/v7e-m/nofp/crtend.o
LOAD /opt/st/stm32cubeide_1.16.0/plugins/com.st.stm32cube.ide.mcu.externaltools.gnu-tools-for-stm32.12.3.rel1.linux64_1.0.200.202406132123/tools/bin/../lib/gcc/arm-none-eabi/12.3.1/thumb/v7e-m/nofp/crtn.o
                0x20020000                        _estack = (ORIGIN (RAM) + LENGTH (RAM))
                0x00000200                        _Min_Heap_Size = 0x200
                0x00000400                        _Min_Stack_Size = 0x400

.isr_vector     0x08000000      0x188
                0x08000000                        . = ALIGN (0x4)
 *(.isr_vector)
 .isr_vector    0x08000000      0x188 ./Startup/startup_stm32f407vgtx.o
                0x08000000                g_pfnVectors
                0x08000188                        . = ALIGN (0x4)

.text           0x08000188      0x350
                0x08000188                        . = ALIGN (0x4)
 *(.text)
 .text          0x08000188       0x40 /opt/st/stm32cubeide_1.16.0/plugins/com.st.stm32cube.ide.mcu.externaltools.gnu-tools-for-stm32.12.3.rel1.linux64_1.0.200.202406132123/tools/bin/../lib/gcc/arm-none-eabi/12.3.1/thumb/v7e-m/nofp/crtbegin.o
 *(.text*)
 .text.DAC_Init
                0x080001c8       0x50 ./Src/dac.o
                0x080001c8                DAC_Init
 .text.DAC_SetValue
                0x08000218       0x20 ./Src/dac.o
                0x08000218                DAC_SetValue
 .text.main     0x08000238       0x8c ./Src/main.o
                0x08000238                main
 .text.SystemInit
                0x080002c4        0xc ./Src/system_stm32f4xx.o
                0x080002c4                SystemInit
 .text.DWT_Init
                0x080002d0       0x60 ./Src/system_stm32f4xx.o
                0x080002d0                DWT_Init
 .text.__NVIC_EnableIRQ
                0x08000330       0x38 ./Src/timer.o
 .text.Timer_Init
                0x08000368       0x88 ./Src/timer.o
                0x08000368                Timer_Init
 .text.TIM6_DAC_IRQHandler
                0x080003f0       0x34 ./Src/timer.o
                0x080003f0                TIM6_DAC_IRQHandler
 .text.Reset_Handler
                0x08000424       0x50 ./Startup/startup_stm32f407vgtx.o
                0x08000424                Reset_Handler
 .text.Default_Handler
                0x08000474        0x2 ./Startup/startup_stm32f407vgtx.o
                0x08000474                RTC_Alarm_IRQHandler
                0x08000474                HASH_RNG_IRQHandler
                0x08000474                EXTI2_IRQHandler
                0x08000474                TIM8_CC_IRQHandler
                0x08000474                DebugMon_Handler
                0x08000474                TIM1_CC_IRQHandler
                0x08000474                DMA2_Stream5_IRQHandler
                0x08000474                HardFault_Handler
                0x08000474                DMA1_Stream5_IRQHandler
                0x08000474                SysTick_Handler
                0x08000474                PVD_IRQHandler
                0x08000474                SDIO_IRQHandler
                0x08000474                TAMP_STAMP_IRQHandler
                0x08000474                PendSV_Handler
                0x08000474                NMI_Handler
                0x08000474                CAN2_RX1_IRQHandler
                0x08000474                EXTI3_IRQHandler
                0x08000474                TIM8_TRG_COM_TIM14_IRQHandler
                0x08000474                TIM1_UP_TIM10_IRQHandler
                0x08000474                TIM8_UP_TIM13_IRQHandler
                0x08000474                I2C3_ER_IRQHandler
                0x08000474                EXTI0_IRQHandler
                0x08000474                I2C2_EV_IRQHandler
                0x08000474                DMA1_Stream2_IRQHandler
                0x08000474                CAN1_RX0_IRQHandler
                0x08000474                FPU_IRQHandler
                0x08000474                OTG_HS_WKUP_IRQHandler
                0x08000474                UsageFault_Handler
                0x08000474                CAN2_SCE_IRQHandler
                0x08000474                DMA2_Stream2_IRQHandler
                0x08000474                SPI1_IRQHandler
                0x08000474                TIM1_BRK_TIM9_IRQHandler
                0x08000474                DCMI_IRQHandler
                0x08000474                CAN2_RX0_IRQHandler
                0x08000474                DMA2_Stream3_IRQHandler
                0x08000474                USART6_IRQHandler
                0x08000474                USART3_IRQHandler
                0x08000474                CRYP_IRQHandler
                0x08000474                CAN1_RX1_IRQHandler
                0x08000474                UART5_IRQHandler
                0x08000474                DMA2_Stream0_IRQHandler
                0x08000474                TIM4_IRQHandler
                0x08000474                I2C1_EV_IRQHandler
                0x08000474                DMA1_Stream6_IRQHandler
                0x08000474                DMA1_Stream1_IRQHandler
                0x08000474                UART4_IRQHandler
                0x08000474                TIM3_IRQHandler
                0x08000474                RCC_IRQHandler
                0x08000474                TIM8_BRK_TIM12_IRQHandler
                0x08000474                Default_Handler
                0x08000474                EXTI15_10_IRQHandler
                0x08000474                ADC_IRQHandler
                0x08000474                DMA1_Stream7_IRQHandler
                0x08000474                TIM7_IRQHandler
                0x08000474                CAN2_TX_IRQHandler
                0x08000474                TIM5_IRQHandler
                0x08000474                DMA2_Stream7_IRQHandler
                0x08000474                I2C3_EV_IRQHandler
                0x08000474                EXTI9_5_IRQHandler
                0x08000474                RTC_WKUP_IRQHandler
                0x08000474                ETH_WKUP_IRQHandler
                0x08000474                SPI2_IRQHandler
                0x08000474                OTG_HS_EP1_IN_IRQHandler
                0x08000474                MemManage_Handler
                0x08000474                DMA1_Stream0_IRQHandler
                0x08000474                CAN1_TX_IRQHandler
                0x08000474                SVC_Handler
                0x08000474                EXTI4_IRQHandler
                0x08000474                FSMC_IRQHandler
                0x08000474                ETH_IRQHandler
                0x08000474                OTG_HS_EP1_OUT_IRQHandler
                0x08000474                WWDG_IRQHandler
                0x08000474                TIM2_IRQHandler
                0x08000474                OTG_FS_WKUP_IRQHandler
                0x08000474                TIM1_TRG_COM_TIM11_IRQHandler
                0x08000474                OTG_HS_IRQHandler
                0x08000474                EXTI1_IRQHandler
                0x08000474                USART2_IRQHandler
                0x08000474                I2C2_ER_IRQHandler
                0x08000474                DMA2_Stream1_IRQHandler
                0x08000474                CAN1_SCE_IRQHandler
                0x08000474                DMA2_Stream4_IRQHandler
                0x08000474                BusFault_Handler
                0x08000474                USART1_IRQHandler
                0x08000474                OTG_FS_IRQHandler
                0x08000474                SPI3_IRQHandler
                0x08000474                DMA1_Stream4_IRQHandler
                0x08000474                I2C1_ER_IRQHandler
                0x08000474                DMA2_Stream6_IRQHandler
                0x08000474                DMA1_Stream3_IRQHandler
 *fill*         0x08000476        0x2 
 .text.__libc_init_array
                0x08000478       0x48 /opt/st/stm32cubeide_1.16.0/plugins/com.st.stm32cube.ide.mcu.externaltools.gnu-tools-for-stm32.12.3.rel1.linux64_1.0.200.202406132123/tools/bin/../lib/gcc/arm-none-eabi/12.3.1/../../../../arm-none-eabi/lib/thumb/v7e-m/nofp/libc_nano.a(libc_a-init.o)
                0x08000478                __libc_init_array
 *(.glue_7)
 .glue_7        0x080004c0        0x0 linker stubs
 *(.glue_7t)
 .glue_7t       0x080004c0        0x0 linker stubs
 *(.eh_frame)
 .eh_frame      0x080004c0        0x0 /opt/st/stm32cubeide_1.16.0/plugins/com.st.stm32cube.ide.mcu.externaltools.gnu-tools-for-stm32.12.3.rel1.linux64_1.0.200.202406132123/tools/bin/../lib/gcc/arm-none-eabi/12.3.1/thumb/v7e-m/nofp/crtbegin.o
 *(.init)
 .init          0x080004c0        0x4 /opt/st/stm32cubeide_1.16.0/plugins/com.st.stm32cube.ide.mcu.externaltools.gnu-tools-for-stm32.12.3.rel1.linux64_1.0.200.202406132123/tools/bin/../lib/gcc/arm-none-eabi/12.3.1/thumb/v7e-m/nofp/crti.o
                0x080004c0                _init
 .init          0x080004c4        0x8 /opt/st/stm32cubeide_1.16.0/plugins/com.st.stm32cube.ide.mcu.externaltools.gnu-tools-for-stm32.12.3.rel1.linux64_1.0.200.202406132123/tools/bin/../lib/gcc/arm-none-eabi/12.3.1/thumb/v7e-m/nofp/crtn.o
 *(.fini)
 .fini          0x080004cc        0x4 /opt/st/stm32cubeide_1.16.0/plugins/com.st.stm32cube.ide.mcu.externaltools.gnu-tools-for-stm32.12.3.rel1.linux64_1.0.200.202406132123/tools/bin/../lib/gcc/arm-none-eabi/12.3.1/thumb/v7e-m/nofp/crti.o
                0x080004cc                _fini
 .fini          0x080004d0        0x8 /opt/st/stm32cubeide_1.16.0/plugins/com.st.stm32cube.ide.mcu.externaltools.gnu-tools-for-stm32.12.3.rel1.linux64_1.0.200.202406132123/tools/bin/../lib/gcc/arm-none-eabi/12.3.1/thumb/v7e-m/nofp/crtn.o
                0x080004d8                        . = ALIGN (0x4)
                0x080004d8                        _etext = .

.vfp11_veneer   0x080004d8        0x0
 .vfp11_veneer  0x080004d8        0x0 linker stubs

.v4_bx          0x080004d8        0x0
 .v4_bx         0x080004d8        0x0 linker stubs

.iplt           0x080004d8        0x0
 .iplt          0x080004d8        0x0 /opt/st/stm32cubeide_1.16.0/plugins/com.st.stm32cube.ide.mcu.externaltools.gnu-tools-for-stm32.12.3.rel1.linux64_1.0.200.202406132123/tools/bin/../lib/gcc/arm-none-eabi/12.3.1/thumb/v7e-m/nofp/crtbegin.o

.rodata         0x080004d8        0x0
                0x080004d8                        . = ALIGN (0x4)
 *(.rodata)
 *(.rodata*)
                0x080004d8                        . = ALIGN (0x4)

.ARM.extab      0x080004d8        0x0
                0x080004d8                        . = ALIGN (0x4)
 *(.ARM.extab* .gnu.linkonce.armextab.*)
                0x080004d8                        . = ALIGN (0x4)

.ARM            0x080004d8        0x0
                0x080004d8                        . = ALIGN (0x4)
                0x080004d8                        __exidx_start = .
 *(.ARM.exidx*)
                0x080004d8                        __exidx_end = .
                0x080004d8                        . = ALIGN (0x4)

.preinit_array  0x080004d8        0x0
                0x080004d8                        . = ALIGN (0x4)
                0x080004d8                        PROVIDE (__preinit_array_start = .)
 *(.preinit_array*)
                0x080004d8                        PROVIDE (__preinit_array_end = .)
                0x080004d8                        . = ALIGN (0x4)

.init_array     0x080004d8        0x4
                0x080004d8                        . = ALIGN (0x4)
                0x080004d8                        PROVIDE (__init_array_start = .)
 *(SORT_BY_NAME(.init_array.*))
 *(.init_array*)
 .init_array    0x080004d8        0x4 /opt/st/stm32cubeide_1.16.0/plugins/com.st.stm32cube.ide.mcu.externaltools.gnu-tools-for-stm32.12.3.rel1.linux64_1.0.200.202406132123/tools/bin/../lib/gcc/arm-none-eabi/12.3.1/thumb/v7e-m/nofp/crtbegin.o
                0x080004dc                        PROVIDE (__init_array_end = .)
                0x080004dc                        . = ALIGN (0x4)

.fini_array     0x080004dc        0x4
                0x080004dc                        . = ALIGN (0x4)
                [!provide]                        PROVIDE (__fini_array_start = .)
 *(SORT_BY_NAME(.fini_array.*))
 *(.fini_array*)
 .fini_array    0x080004dc        0x4 /opt/st/stm32cubeide_1.16.0/plugins/com.st.stm32cube.ide.mcu.externaltools.gnu-tools-for-stm32.12.3.rel1.linux64_1.0.200.202406132123/tools/bin/../lib/gcc/arm-none-eabi/12.3.1/thumb/v7e-m/nofp/crtbegin.o
                [!provide]                        PROVIDE (__fini_array_end = .)
                0x080004e0                        . = ALIGN (0x4)
                0x080004e0                        _sidata = LOADADDR (.data)

.rel.dyn        0x080004e0        0x0
 .rel.iplt      0x080004e0        0x0 /opt/st/stm32cubeide_1.16.0/plugins/com.st.stm32cube.ide.mcu.externaltools.gnu-tools-for-stm32.12.3.rel1.linux64_1.0.200.202406132123/tools/bin/../lib/gcc/arm-none-eabi/12.3.1/thumb/v7e-m/nofp/crtbegin.o

.data           0x20000000        0x0 load address 0x080004e0
                0x20000000                        . = ALIGN (0x4)
                0x20000000                        _sdata = .
 *(.data)
 *(.data*)
 *(.RamFunc)
 *(.RamFunc*)
                0x20000000                        . = ALIGN (0x4)
                0x20000000                        _edata = .
                0x080004e0                        _siccmram = LOADADDR (.ccmram)

.igot.plt       0x20000000        0x0 load address 0x080004e0
 .igot.plt      0x20000000        0x0 /opt/st/stm32cubeide_1.16.0/plugins/com.st.stm32cube.ide.mcu.externaltools.gnu-tools-for-stm32.12.3.rel1.linux64_1.0.200.202406132123/tools/bin/../lib/gcc/arm-none-eabi/12.3.1/thumb/v7e-m/nofp/crtbegin.o

.ccmram         0x10000000        0x0 load address 0x080004e0
                0x10000000                        . = ALIGN (0x4)
                0x10000000                        _sccmram = .
 *(.ccmram)
 *(.ccmram*)
                0x10000000                        . = ALIGN (0x4)
                0x10000000                        _eccmram = .
                0x10000000                        . = ALIGN (0x4)

.bss            0x20000000       0x20
                0x20000000                        _sbss = .
                0x20000000                        __bss_start__ = _sbss
 *(.bss)
 .bss           0x20000000       0x1c /opt/st/stm32cubeide_1.16.0/plugins/com.st.stm32cube.ide.mcu.externaltools.gnu-tools-for-stm32.12.3.rel1.linux64_1.0.200.202406132123/tools/bin/../lib/gcc/arm-none-eabi/12.3.1/thumb/v7e-m/nofp/crtbegin.o
 *(.bss*)
 .bss.timer_intr_flag
                0x2000001c        0x4 ./Src/timer.o
                0x2000001c                timer_intr_flag
 *(COMMON)
                0x20000020                        . = ALIGN (0x4)
                0x20000020                        _ebss = .
                0x20000020                        __bss_end__ = _ebss

._user_heap_stack
                0x20000020      0x600
                0x20000020                        . = ALIGN (0x8)
                [!provide]                        PROVIDE (end = .)
                0x20000020                        PROVIDE (_end = .)
                0x20000220                        . = (. + _Min_Heap_Size)
 *fill*         0x20000020      0x200 
                0x20000620                        . = (. + _Min_Stack_Size)
 *fill*         0x20000220      0x400 
                0x20000620                        . = ALIGN (0x8)

/DISCARD/
 libc.a(*)
 libm.a(*)
 libgcc.a(*)

.ARM.attributes
                0x00000000       0x2a
 *(.ARM.attributes)
 .ARM.attributes
                0x00000000       0x1e /opt/st/stm32cubeide_1.16.0/plugins/com.st.stm32cube.ide.mcu.externaltools.gnu-tools-for-stm32.12.3.rel1.linux64_1.0.200.202406132123/tools/bin/../lib/gcc/arm-none-eabi/12.3.1/thumb/v7e-m/nofp/crti.o
 .ARM.attributes
                0x0000001e       0x2e /opt/st/stm32cubeide_1.16.0/plugins/com.st.stm32cube.ide.mcu.externaltools.gnu-tools-for-stm32.12.3.rel1.linux64_1.0.200.202406132123/tools/bin/../lib/gcc/arm-none-eabi/12.3.1/thumb/v7e-m/nofp/crtbegin.o
 .ARM.attributes
                0x0000004c       0x2e ./Src/dac.o
 .ARM.attributes
                0x0000007a       0x2e ./Src/main.o
 .ARM.attributes
                0x000000a8       0x2e ./Src/system_stm32f4xx.o
 .ARM.attributes
                0x000000d6       0x2e ./Src/timer.o
 .ARM.attributes
                0x00000104       0x21 ./Startup/startup_stm32f407vgtx.o
 .ARM.attributes
                0x00000125       0x2e /opt/st/stm32cubeide_1.16.0/plugins/com.st.stm32cube.ide.mcu.externaltools.gnu-tools-for-stm32.12.3.rel1.linux64_1.0.200.202406132123/tools/bin/../lib/gcc/arm-none-eabi/12.3.1/../../../../arm-none-eabi/lib/thumb/v7e-m/nofp/libc_nano.a(libc_a-init.o)
 .ARM.attributes
                0x00000153       0x1e /opt/st/stm32cubeide_1.16.0/plugins/com.st.stm32cube.ide.mcu.externaltools.gnu-tools-for-stm32.12.3.rel1.linux64_1.0.200.202406132123/tools/bin/../lib/gcc/arm-none-eabi/12.3.1/thumb/v7e-m/nofp/crtn.o
OUTPUT(As9_DAC_Timer6intr.elf elf32-littlearm)
LOAD linker stubs
LOAD /opt/st/stm32cubeide_1.16.0/plugins/com.st.stm32cube.ide.mcu.externaltools.gnu-tools-for-stm32.12.3.rel1.linux64_1.0.200.202406132123/tools/bin/../lib/gcc/arm-none-eabi/12.3.1/../../../../arm-none-eabi/lib/thumb/v7e-m/nofp/libc.a
LOAD /opt/st/stm32cubeide_1.16.0/plugins/com.st.stm32cube.ide.mcu.externaltools.gnu-tools-for-stm32.12.3.rel1.linux64_1.0.200.202406132123/tools/bin/../lib/gcc/arm-none-eabi/12.3.1/../../../../arm-none-eabi/lib/thumb/v7e-m/nofp/libm.a
LOAD /opt/st/stm32cubeide_1.16.0/plugins/com.st.stm32cube.ide.mcu.externaltools.gnu-tools-for-stm32.12.3.rel1.linux64_1.0.200.202406132123/tools/bin/../lib/gcc/arm-none-eabi/12.3.1/thumb/v7e-m/nofp/libgcc.a

.debug_info     0x00000000     0x11ce
 .debug_info    0x00000000      0x3b6 ./Src/dac.o
 .debug_info    0x000003b6      0x124 ./Src/main.o
 .debug_info    0x000004da      0x53c ./Src/system_stm32f4xx.o
 .debug_info    0x00000a16      0x788 ./Src/timer.o
 .debug_info    0x0000119e       0x30 ./Startup/startup_stm32f407vgtx.o

.debug_abbrev   0x00000000      0x4b7
 .debug_abbrev  0x00000000       0xe2 ./Src/dac.o
 .debug_abbrev  0x000000e2       0xc0 ./Src/main.o
 .debug_abbrev  0x000001a2      0x158 ./Src/system_stm32f4xx.o
 .debug_abbrev  0x000002fa      0x199 ./Src/timer.o
 .debug_abbrev  0x00000493       0x24 ./Startup/startup_stm32f407vgtx.o

.debug_aranges  0x00000000       0xd8
 .debug_aranges
                0x00000000       0x28 ./Src/dac.o
 .debug_aranges
                0x00000028       0x20 ./Src/main.o
 .debug_aranges
                0x00000048       0x38 ./Src/system_stm32f4xx.o
 .debug_aranges
                0x00000080       0x30 ./Src/timer.o
 .debug_aranges
                0x000000b0       0x28 ./Startup/startup_stm32f407vgtx.o

.debug_rnglists
                0x00000000       0x8c
 .debug_rnglists
                0x00000000       0x19 ./Src/dac.o
 .debug_rnglists
                0x00000019       0x14 ./Src/main.o
 .debug_rnglists
                0x0000002d       0x26 ./Src/system_stm32f4xx.o
 .debug_rnglists
                0x00000053       0x20 ./Src/timer.o
 .debug_rnglists
                0x00000073       0x19 ./Startup/startup_stm32f407vgtx.o

.debug_macro    0x00000000    0x18fa1
 .debug_macro   0x00000000       0xe0 ./Src/dac.o
 .debug_macro   0x000000e0      0xab4 ./Src/dac.o
 .debug_macro   0x00000b94       0x2e ./Src/dac.o
 .debug_macro   0x00000bc2       0x2f ./Src/dac.o
 .debug_macro   0x00000bf1       0x22 ./Src/dac.o
 .debug_macro   0x00000c13       0x8e ./Src/dac.o
 .debug_macro   0x00000ca1       0x51 ./Src/dac.o
 .debug_macro   0x00000cf2      0x103 ./Src/dac.o
 .debug_macro   0x00000df5       0x6a ./Src/dac.o
 .debug_macro   0x00000e5f      0x1df ./Src/dac.o
 .debug_macro   0x0000103e       0x1c ./Src/dac.o
 .debug_macro   0x0000105a       0x22 ./Src/dac.o
 .debug_macro   0x0000107c       0xd9 ./Src/dac.o
 .debug_macro   0x00001155     0x102d ./Src/dac.o
 .debug_macro   0x00002182      0x11f ./Src/dac.o
 .debug_macro   0x000022a1       0x11 ./Src/dac.o
 .debug_macro   0x000022b2    0x15e3c ./Src/dac.o
 .debug_macro   0x000180ee       0x4a ./Src/dac.o
 .debug_macro   0x00018138       0x16 ./Src/dac.o
 .debug_macro   0x0001814e      0x1cb ./Src/main.o
 .debug_macro   0x00018319       0x61 ./Src/main.o
 .debug_macro   0x0001837a       0x24 ./Src/main.o
 .debug_macro   0x0001839e       0x43 ./Src/main.o
 .debug_macro   0x000183e1       0x34 ./Src/main.o
 .debug_macro   0x00018415       0x16 ./Src/main.o
 .debug_macro   0x0001842b       0x9e ./Src/main.o
 .debug_macro   0x000184c9      0x369 ./Src/main.o
 .debug_macro   0x00018832      0x10b ./Src/main.o
 .debug_macro   0x0001893d       0x10 ./Src/main.o
 .debug_macro   0x0001894d       0x16 ./Src/main.o
 .debug_macro   0x00018963       0x43 ./Src/main.o
 .debug_macro   0x000189a6       0x34 ./Src/main.o
 .debug_macro   0x000189da       0x10 ./Src/main.o
 .debug_macro   0x000189ea       0x58 ./Src/main.o
 .debug_macro   0x00018a42       0x8e ./Src/main.o
 .debug_macro   0x00018ad0       0x1c ./Src/main.o
 .debug_macro   0x00018aec      0x177 ./Src/main.o
 .debug_macro   0x00018c63       0x16 ./Src/main.o
 .debug_macro   0x00018c79       0x16 ./Src/main.o
 .debug_macro   0x00018c8f      0x146 ./Src/main.o
 .debug_macro   0x00018dd5       0x10 ./Src/main.o
 .debug_macro   0x00018de5       0xe0 ./Src/system_stm32f4xx.o
 .debug_macro   0x00018ec5       0xdc ./Src/timer.o

.debug_line     0x00000000     0x1381
 .debug_line    0x00000000      0x429 ./Src/dac.o
 .debug_line    0x00000429      0x58f ./Src/main.o
 .debug_line    0x000009b8      0x4d6 ./Src/system_stm32f4xx.o
 .debug_line    0x00000e8e      0x478 ./Src/timer.o
 .debug_line    0x00001306       0x7b ./Startup/startup_stm32f407vgtx.o

.debug_str      0x00000000    0x8bd13
 .debug_str     0x00000000    0x87b91 ./Src/dac.o
                              0x87d08 (size before relaxing)
 .debug_str     0x00087b91     0x3a1b ./Src/main.o
                              0x8b607 (size before relaxing)
 .debug_str     0x0008b5ac      0x1a0 ./Src/system_stm32f4xx.o
                              0x87dc4 (size before relaxing)
 .debug_str     0x0008b74c      0x588 ./Src/timer.o
                              0x8821a (size before relaxing)
 .debug_str     0x0008bcd4       0x3f ./Startup/startup_stm32f407vgtx.o
                                 0x84 (size before relaxing)

.comment        0x00000000       0x43
 .comment       0x00000000       0x43 ./Src/dac.o
                                 0x44 (size before relaxing)
 .comment       0x00000043       0x44 ./Src/main.o
 .comment       0x00000043       0x44 ./Src/system_stm32f4xx.o
 .comment       0x00000043       0x44 ./Src/timer.o

.debug_frame    0x00000000      0x1b4
 .debug_frame   0x00000000       0x58 ./Src/dac.o
 .debug_frame   0x00000058       0x30 ./Src/main.o
 .debug_frame   0x00000088       0x84 ./Src/system_stm32f4xx.o
 .debug_frame   0x0000010c       0x7c ./Src/timer.o
 .debug_frame   0x00000188       0x2c /opt/st/stm32cubeide_1.16.0/plugins/com.st.stm32cube.ide.mcu.externaltools.gnu-tools-for-stm32.12.3.rel1.linux64_1.0.200.202406132123/tools/bin/../lib/gcc/arm-none-eabi/12.3.1/../../../../arm-none-eabi/lib/thumb/v7e-m/nofp/libc_nano.a(libc_a-init.o)

.debug_loclists
                0x00000000       0x1f
 .debug_loclists
                0x00000000       0x1f ./Src/system_stm32f4xx.o

.debug_line_str
                0x00000000       0x68
 .debug_line_str
                0x00000000       0x68 ./Startup/startup_stm32f407vgtx.o
